// Jest Snapshot v1, https://goo.gl/fbAQLP

exports[`Hangman game tests Hangman game is rendered properly 1`] = `
<DocumentFragment>
  <h1
    data-testid="hangman-heading"
  >
    Hangman
  </h1>
  <p>
    Find the hidden word - Enter a letter
  </p>
  <p
    class="hint"
  >
    HINT - 
  </p>
  <div
    class="game-container"
  >
    <svg
      class="man-container"
      height="250"
      width="200"
    >
      <line
        x1="60"
        x2="140"
        y1="20"
        y2="20"
      />
      <line
        x1="140"
        x2="140"
        y1="20"
        y2="50"
      />
      <line
        x1="60"
        x2="60"
        y1="20"
        y2="230"
      />
      <line
        x1="20"
        x2="100"
        y1="230"
        y2="230"
      />
    </svg>
    <div
      class="wrong-alphabets-container"
    >
      <div />
    </div>
    <div
      class="word"
    />
  </div>
  <div
    class="notification-container "
  >
    <p>
      You have already entered this letter
    </p>
  </div>
</DocumentFragment>
`;
